quiv — soak test
  started      2026-09-16T05:55:35+00:00
  duration     24.00 h
  pool_size    8
  retention    600 s
  python       3.10.12 on Linux
  pid          2196798
  baseline threads after 60s: 8

  +  0.10 h  threads=  8  history=  1228  completed=    981  failed=   135  cancelled=   114  rss=   52 MB
  +  0.18 h  threads=  8  history=  2252  completed=   1799  failed=   247  cancelled=   209  rss=   52 MB
  +  0.27 h  threads=  8  history=  2256  completed=   2617  failed=   360  cancelled=   304  rss=   53 MB
  +  0.35 h  threads=  8  history=  2256  completed=   3433  failed=   471  cancelled=   399  rss=   53 MB
  +  0.43 h  threads=  8  history=  2256  completed=   4249  failed=   583  cancelled=   493  rss=   53 MB
  +  0.52 h  threads=  8  history=  2256  completed=   5064  failed=   695  cancelled=   588  rss=   53 MB
  +  0.60 h  threads=  8  history=  2256  completed=   5878  failed=   807  cancelled=   684  rss=   53 MB
  +  0.68 h  threads=  8  history=  2256  completed=   6693  failed=   918  cancelled=   779  rss=   53 MB
  +  0.77 h  threads=  8  history=  2256  completed=   7509  failed=  1031  cancelled=   874  rss=   53 MB
  +  0.85 h  threads=  8  history=  2256  completed=   8323  failed=  1143  cancelled=   969  rss=   53 MB
  +  0.93 h  threads=  8  history=  2256  completed=   9137  failed=  1254  cancelled=  1063  rss=   53 MB
  +  1.02 h  threads=  8  history=  2256  completed=   9952  failed=  1366  cancelled=  1159  rss=   53 MB
  +  1.10 h  threads=  8  history=  2256  completed=  10767  failed=  1479  cancelled=  1254  rss=   53 MB
  +  1.18 h  threads=  8  history=  2256  completed=  11580  failed=  1590  cancelled=  1349  rss=   53 MB
  +  1.27 h  threads=  8  history=  2256  completed=  12393  failed=  1701  cancelled=  1443  rss=   53 MB
  +  1.35 h  threads=  8  history=  2256  completed=  13208  failed=  1814  cancelled=  1538  rss=   53 MB
  +  1.43 h  threads=  8  history=  2256  completed=  14026  failed=  1926  cancelled=  1632  rss=   53 MB
  +  1.52 h  threads=  8  history=  2256  completed=  14839  failed=  2037  cancelled=  1727  rss=   53 MB
  +  1.60 h  threads=  8  history=  2256  completed=  15654  failed=  2149  cancelled=  1822  rss=   53 MB
  +  1.68 h  threads=  8  history=  2256  completed=  16472  failed=  2261  cancelled=  1916  rss=   53 MB
  +  1.77 h  threads=  8  history=  2256  completed=  17293  failed=  2373  cancelled=  2011  rss=   53 MB
  +  1.85 h  threads=  8  history=  2260  completed=  18114  failed=  2486  cancelled=  2105  rss=   53 MB
  +  1.93 h  threads=  8  history=  2262  completed=  18934  failed=  2598  cancelled=  2200  rss=   53 MB
  +  2.02 h  threads=  8  history=  2263  completed=  19756  failed=  2710  cancelled=  2295  rss=   53 MB
  +  2.10 h  threads=  8  history=  2264  completed=  20575  failed=  2823  cancelled=  2389  rss=   53 MB
  +  2.18 h  threads=  8  history=  2264  completed=  21394  failed=  2934  cancelled=  2484  rss=   53 MB
  +  2.27 h  threads=  8  history=  2264  completed=  22210  failed=  3046  cancelled=  2580  rss=   53 MB
  +  2.35 h  threads=  8  history=  2264  completed=  23027  failed=  3159  cancelled=  2675  rss=   53 MB
  +  2.43 h  threads=  8  history=  2264  completed=  23845  failed=  3270  cancelled=  2769  rss=   53 MB
  +  2.52 h  threads=  8  history=  2264  completed=  24659  failed=  3382  cancelled=  2864  rss=   53 MB
  +  2.60 h  threads=  8  history=  2264  completed=  25474  failed=  3495  cancelled=  2958  rss=   53 MB
  +  2.68 h  threads=  8  history=  2264  completed=  26287  failed=  3606  cancelled=  3052  rss=   53 MB
  +  2.77 h  threads=  8  history=  2264  completed=  27102  failed=  3717  cancelled=  3146  rss=   53 MB
  +  2.85 h  threads=  8  history=  2264  completed=  27917  failed=  3830  cancelled=  3240  rss=   53 MB
  +  2.93 h  threads=  8  history=  2264  completed=  28733  failed=  3942  cancelled=  3335  rss=   53 MB
  +  3.02 h  threads=  8  history=  2264  completed=  29545  failed=  4053  cancelled=  3429  rss=   53 MB
  +  3.10 h  threads=  8  history=  2264  completed=  30364  failed=  4165  cancelled=  3524  rss=   53 MB
  +  3.18 h  threads=  8  history=  2264  completed=  31179  failed=  4278  cancelled=  3619  rss=   53 MB
  +  3.27 h  threads=  8  history=  2264  completed=  31993  failed=  4389  cancelled=  3714  rss=   53 MB
  +  3.35 h  threads=  8  history=  2264  completed=  32805  failed=  4500  cancelled=  3809  rss=   53 MB
  +  3.43 h  threads=  8  history=  2264  completed=  33621  failed=  4613  cancelled=  3904  rss=   53 MB
  +  3.52 h  threads=  8  history=  2264  completed=  34435  failed=  4725  cancelled=  3997  rss=   53 MB
  +  3.60 h  threads=  8  history=  2264  completed=  35249  failed=  4836  cancelled=  4092  rss=   53 MB
  +  3.68 h  threads=  8  history=  2264  completed=  36063  failed=  4949  cancelled=  4187  rss=   53 MB
  +  3.77 h  threads=  8  history=  2264  completed=  36875  failed=  5061  cancelled=  4283  rss=   53 MB
  +  3.85 h  threads=  8  history=  2264  completed=  37690  failed=  5172  cancelled=  4377  rss=   53 MB
  +  3.93 h  threads=  8  history=  2264  completed=  38507  failed=  5283  cancelled=  4472  rss=   53 MB
  +  4.02 h  threads=  8  history=  2264  completed=  39319  failed=  5396  cancelled=  4567  rss=   53 MB
  +  4.10 h  threads=  8  history=  2264  completed=  40134  failed=  5508  cancelled=  4662  rss=   53 MB
  +  4.18 h  threads=  8  history=  2264  completed=  40955  failed=  5619  cancelled=  4756  rss=   53 MB
  +  4.27 h  threads=  8  history=  2264  completed=  41775  failed=  5732  cancelled=  4851  rss=   53 MB
  +  4.35 h  threads=  8  history=  2264  completed=  42588  failed=  5844  cancelled=  4947  rss=   53 MB
  +  4.43 h  threads=  8  history=  2264  completed=  43404  failed=  5955  cancelled=  5041  rss=   53 MB
  +  4.52 h  threads=  8  history=  2264  completed=  44221  failed=  6068  cancelled=  5135  rss=   53 MB
  +  4.60 h  threads=  8  history=  2264  completed=  45035  failed=  6180  cancelled=  5230  rss=   53 MB
  +  4.68 h  threads=  8  history=  2264  completed=  45852  failed=  6291  cancelled=  5325  rss=   53 MB
  +  4.77 h  threads=  8  history=  2264  completed=  46667  failed=  6403  cancelled=  5419  rss=   53 MB
  +  4.85 h  threads=  8  history=  2264  completed=  47480  failed=  6516  cancelled=  5515  rss=   53 MB
  +  4.93 h  threads=  8  history=  2264  completed=  48295  failed=  6627  cancelled=  5610  rss=   53 MB
  +  5.02 h  threads=  8  history=  2264  completed=  49108  failed=  6738  cancelled=  5704  rss=   53 MB
  +  5.10 h  threads=  8  history=  2264  completed=  49924  failed=  6851  cancelled=  5799  rss=   53 MB
  +  5.18 h  threads=  8  history=  2264  completed=  50737  failed=  6963  cancelled=  5892  rss=   53 MB
  +  5.27 h  threads=  8  history=  2264  completed=  51550  failed=  7074  cancelled=  5988  rss=   53 MB
  +  5.35 h  threads=  8  history=  2264  completed=  52363  failed=  7185  cancelled=  6083  rss=   53 MB
  +  5.43 h  threads=  8  history=  2264  completed=  53181  failed=  7298  cancelled=  6178  rss=   53 MB
  +  5.52 h  threads=  8  history=  2264  completed=  53997  failed=  7410  cancelled=  6272  rss=   53 MB
  +  5.60 h  threads=  8  history=  2264  completed=  54812  failed=  7521  cancelled=  6367  rss=   53 MB
  +  5.68 h  threads=  8  history=  2264  completed=  55626  failed=  7634  cancelled=  6463  rss=   53 MB
  +  5.77 h  threads=  8  history=  2264  completed=  56439  failed=  7746  cancelled=  6558  rss=   53 MB
  +  5.85 h  threads=  8  history=  2264  completed=  57254  failed=  7857  cancelled=  6653  rss=   53 MB
  +  5.93 h  threads=  8  history=  2264  completed=  58069  failed=  7969  cancelled=  6747  rss=   53 MB
  +  6.02 h  threads=  8  history=  2264  completed=  58884  failed=  8081  cancelled=  6842  rss=   53 MB
  +  6.10 h  threads=  8  history=  2264  completed=  59701  failed=  8193  cancelled=  6936  rss=   53 MB
  +  6.18 h  threads=  8  history=  2264  completed=  60513  failed=  8304  cancelled=  7031  rss=   53 MB
  +  6.27 h  threads=  8  history=  2264  completed=  61336  failed=  8417  cancelled=  7126  rss=   53 MB
  +  6.35 h  threads=  8  history=  2264  completed=  62157  failed=  8529  cancelled=  7221  rss=   53 MB
  +  6.43 h  threads=  8  history=  2264  completed=  62978  failed=  8641  cancelled=  7316  rss=   53 MB
  +  6.52 h  threads=  8  history=  2264  completed=  63798  failed=  8754  cancelled=  7411  rss=   53 MB
  +  6.60 h  threads=  8  history=  2264  completed=  64614  failed=  8865  cancelled=  7506  rss=   53 MB
  +  6.68 h  threads=  8  history=  2264  completed=  65431  failed=  8977  cancelled=  7600  rss=   53 MB
  +  6.77 h  threads=  8  history=  2264  completed=  66244  failed=  9089  cancelled=  7695  rss=   53 MB
  +  6.85 h  threads=  8  history=  2264  completed=  67059  failed=  9201  cancelled=  7790  rss=   53 MB
  +  6.93 h  threads=  8  history=  2264  completed=  67873  failed=  9312  cancelled=  7886  rss=   53 MB
  +  7.02 h  threads=  8  history=  2264  completed=  68686  failed=  9425  cancelled=  7979  rss=   53 MB
  +  7.10 h  threads=  8  history=  2264  completed=  69503  failed=  9537  cancelled=  8074  rss=   53 MB
  +  7.18 h  threads=  8  history=  2264  completed=  70321  failed=  9648  cancelled=  8169  rss=   53 MB
  +  7.27 h  threads=  8  history=  2264  completed=  71137  failed=  9761  cancelled=  8264  rss=   53 MB
  +  7.35 h  threads=  8  history=  2264  completed=  71952  failed=  9873  cancelled=  8359  rss=   53 MB
  +  7.43 h  threads=  8  history=  2264  completed=  72767  failed=  9984  cancelled=  8454  rss=   53 MB
  +  7.52 h  threads=  8  history=  2264  completed=  73579  failed= 10095  cancelled=  8548  rss=   53 MB
  +  7.60 h  threads=  8  history=  2264  completed=  74395  failed= 10208  cancelled=  8643  rss=   53 MB
  +  7.68 h  threads=  8  history=  2264  completed=  75211  failed= 10320  cancelled=  8738  rss=   53 MB
  +  7.77 h  threads=  8  history=  2264  completed=  76025  failed= 10431  cancelled=  8833  rss=   53 MB
  +  7.85 h  threads=  8  history=  2264  completed=  76845  failed= 10544  cancelled=  8928  rss=   53 MB
  +  7.93 h  threads=  8  history=  2264  completed=  77664  failed= 10656  cancelled=  9023  rss=   53 MB
  +  8.02 h  threads=  8  history=  2264  completed=  78478  failed= 10767  cancelled=  9118  rss=   53 MB
  +  8.10 h  threads=  8  history=  2264  completed=  79293  failed= 10880  cancelled=  9213  rss=   53 MB
  +  8.18 h  threads=  8  history=  2264  completed=  80109  failed= 10992  cancelled=  9308  rss=   53 MB
  +  8.27 h  threads=  8  history=  2264  completed=  80924  failed= 11103  cancelled=  9403  rss=   53 MB
  +  8.35 h  threads=  8  history=  2264  completed=  81738  failed= 11215  cancelled=  9497  rss=   53 MB
  +  8.43 h  threads=  8  history=  2264  completed=  82557  failed= 11328  cancelled=  9591  rss=   53 MB
  +  8.52 h  threads=  8  history=  2264  completed=  83371  failed= 11439  cancelled=  9686  rss=   53 MB
  +  8.60 h  threads=  8  history=  2264  completed=  84186  failed= 11550  cancelled=  9781  rss=   53 MB
  +  8.68 h  threads=  8  history=  2264  completed=  85004  failed= 11663  cancelled=  9875  rss=   53 MB
  +  8.77 h  threads=  8  history=  2264  completed=  85816  failed= 11775  cancelled=  9970  rss=   53 MB
  +  8.85 h  threads=  8  history=  2264  completed=  86632  failed= 11886  cancelled= 10065  rss=   53 MB
  +  8.93 h  threads=  8  history=  2264  completed=  87450  failed= 11998  cancelled= 10159  rss=   53 MB
  +  9.02 h  threads=  8  history=  2264  completed=  88266  failed= 12110  cancelled= 10254  rss=   53 MB
  +  9.10 h  threads=  8  history=  2264  completed=  89081  failed= 12222  cancelled= 10349  rss=   53 MB
  +  9.18 h  threads=  8  history=  2264  completed=  89898  failed= 12334  cancelled= 10444  rss=   53 MB
  +  9.27 h  threads=  8  history=  2264  completed=  90716  failed= 12447  cancelled= 10539  rss=   53 MB
  +  9.35 h  threads=  8  history=  2264  completed=  91533  failed= 12558  cancelled= 10633  rss=   53 MB
  +  9.43 h  threads=  8  history=  2264  completed=  92351  failed= 12671  cancelled= 10728  rss=   53 MB
  +  9.52 h  threads=  8  history=  2264  completed=  93168  failed= 12783  cancelled= 10824  rss=   53 MB
  +  9.60 h  threads=  8  history=  2264  completed=  93985  failed= 12894  cancelled= 10919  rss=   53 MB
  +  9.68 h  threads=  8  history=  2264  completed=  94800  failed= 13007  cancelled= 11013  rss=   53 MB
  +  9.77 h  threads=  8  history=  2264  completed=  95618  failed= 13119  cancelled= 11108  rss=   53 MB
  +  9.85 h  threads=  8  history=  2264  completed=  96436  failed= 13230  cancelled= 11203  rss=   53 MB
  +  9.93 h  threads=  8  history=  2264  completed=  97256  failed= 13343  cancelled= 11298  rss=   53 MB
  + 10.02 h  threads=  8  history=  2264  completed=  98073  failed= 13455  cancelled= 11392  rss=   53 MB
  + 10.10 h  threads=  8  history=  2264  completed=  98890  failed= 13566  cancelled= 11488  rss=   53 MB
  + 10.18 h  threads=  8  history=  2264  completed=  99705  failed= 13679  cancelled= 11582  rss=   53 MB
  + 10.27 h  threads=  8  history=  2264  completed= 100523  failed= 13791  cancelled= 11677  rss=   53 MB
  + 10.35 h  threads=  8  history=  2264  completed= 101337  failed= 13902  cancelled= 11772  rss=   53 MB
  + 10.43 h  threads=  8  history=  2264  completed= 102155  failed= 14015  cancelled= 11867  rss=   53 MB
  + 10.52 h  threads=  8  history=  2264  completed= 102971  failed= 14127  cancelled= 11962  rss=   53 MB
  + 10.60 h  threads=  8  history=  2264  completed= 103784  failed= 14238  cancelled= 12057  rss=   53 MB
  + 10.68 h  threads=  8  history=  2264  completed= 104599  failed= 14350  cancelled= 12152  rss=   53 MB
  + 10.77 h  threads=  8  history=  2264  completed= 105418  failed= 14463  cancelled= 12247  rss=   53 MB
  + 10.85 h  threads=  8  history=  2264  completed= 106233  failed= 14574  cancelled= 12342  rss=   53 MB
  + 10.93 h  threads=  8  history=  2264  completed= 107051  failed= 14686  cancelled= 12437  rss=   53 MB
  + 11.02 h  threads=  8  history=  2264  completed= 107867  failed= 14798  cancelled= 12531  rss=   53 MB
  + 11.10 h  threads=  8  history=  2264  completed= 108684  failed= 14910  cancelled= 12626  rss=   53 MB
  + 11.18 h  threads=  8  history=  2264  completed= 109501  failed= 15022  cancelled= 12721  rss=   53 MB
  + 11.27 h  threads=  8  history=  2264  completed= 110315  failed= 15134  cancelled= 12816  rss=   53 MB
  + 11.35 h  threads=  8  history=  2264  completed= 111131  failed= 15246  cancelled= 12911  rss=   53 MB
  + 11.43 h  threads=  8  history=  2264  completed= 111949  failed= 15357  cancelled= 13006  rss=   53 MB
  + 11.52 h  threads=  8  history=  2264  completed= 112770  failed= 15470  cancelled= 13100  rss=   53 MB
  + 11.60 h  threads=  8  history=  2264  completed= 113582  failed= 15582  cancelled= 13195  rss=   53 MB
  + 11.68 h  threads=  8  history=  2264  completed= 114399  failed= 15693  cancelled= 13290  rss=   53 MB
  + 11.77 h  threads=  8  history=  2264  completed= 115213  failed= 15806  cancelled= 13385  rss=   53 MB
  + 11.85 h  threads=  8  history=  2264  completed= 116027  failed= 15918  cancelled= 13481  rss=   53 MB
  + 11.93 h  threads=  8  history=  2264  completed= 116842  failed= 16029  cancelled= 13576  rss=   53 MB
  + 12.02 h  threads=  8  history=  2264  completed= 117661  failed= 16141  cancelled= 13670  rss=   53 MB
  + 12.10 h  threads=  8  history=  2264  completed= 118479  failed= 16254  cancelled= 13764  rss=   53 MB
  + 12.18 h  threads=  8  history=  2264  completed= 119292  failed= 16365  cancelled= 13859  rss=   53 MB
  + 12.27 h  threads=  8  history=  2264  completed= 120107  failed= 16477  cancelled= 13953  rss=   53 MB
  + 12.35 h  threads=  8  history=  2264  completed= 120921  failed= 16589  cancelled= 14049  rss=   53 MB
  + 12.43 h  threads=  8  history=  2264  completed= 121738  failed= 16701  cancelled= 14144  rss=   53 MB
  + 12.52 h  threads=  8  history=  2264  completed= 122556  failed= 16813  cancelled= 14239  rss=   53 MB
  + 12.60 h  threads=  8  history=  2264  completed= 123374  failed= 16925  cancelled= 14334  rss=   53 MB
  + 12.68 h  threads=  8  history=  2264  completed= 124191  failed= 17037  cancelled= 14429  rss=   53 MB
  + 12.77 h  threads=  8  history=  2264  completed= 125006  failed= 17148  cancelled= 14524  rss=   53 MB
  + 12.85 h  threads=  8  history=  2264  completed= 125818  failed= 17261  cancelled= 14619  rss=   53 MB
  + 12.93 h  threads=  8  history=  2264  completed= 126635  failed= 17373  cancelled= 14713  rss=   53 MB
  + 13.02 h  threads=  8  history=  2264  completed= 127449  failed= 17484  cancelled= 14808  rss=   53 MB
  + 13.10 h  threads=  8  history=  2264  completed= 128266  failed= 17596  cancelled= 14903  rss=   53 MB
  + 13.18 h  threads=  8  history=  2264  completed= 129080  failed= 17708  cancelled= 14997  rss=   53 MB
  + 13.27 h  threads=  8  history=  2264  completed= 129898  failed= 17820  cancelled= 15091  rss=   53 MB
  + 13.35 h  threads=  8  history=  2264  completed= 130712  failed= 17931  cancelled= 15186  rss=   53 MB
  + 13.43 h  threads=  8  history=  2264  completed= 131526  failed= 18044  cancelled= 15280  rss=   53 MB
  + 13.52 h  threads=  8  history=  2264  completed= 132343  failed= 18156  cancelled= 15375  rss=   53 MB
  + 13.60 h  threads=  8  history=  2264  completed= 133159  failed= 18267  cancelled= 15469  rss=   53 MB
  + 13.68 h  threads=  8  history=  2264  completed= 133973  failed= 18379  cancelled= 15564  rss=   53 MB
  + 13.77 h  threads=  8  history=  2264  completed= 134787  failed= 18492  cancelled= 15658  rss=   53 MB
  + 13.85 h  threads=  8  history=  2264  completed= 135600  failed= 18603  cancelled= 15753  rss=   53 MB
  + 13.93 h  threads=  8  history=  2264  completed= 136415  failed= 18714  cancelled= 15848  rss=   53 MB
  + 14.02 h  threads=  8  history=  2264  completed= 137229  failed= 18826  cancelled= 15943  rss=   53 MB
  + 14.10 h  threads=  8  history=  2264  completed= 138045  failed= 18939  cancelled= 16038  rss=   53 MB
  + 14.18 h  threads=  8  history=  2264  completed= 138861  failed= 19050  cancelled= 16133  rss=   53 MB
  + 14.27 h  threads=  8  history=  2264  completed= 139677  failed= 19162  cancelled= 16228  rss=   53 MB
  + 14.35 h  threads=  8  history=  2264  completed= 140490  failed= 19274  cancelled= 16324  rss=   53 MB
  + 14.43 h  threads=  8  history=  2264  completed= 141307  failed= 19386  cancelled= 16419  rss=   53 MB
  + 14.52 h  threads=  8  history=  2264  completed= 142122  failed= 19497  cancelled= 16514  rss=   53 MB
  + 14.60 h  threads=  8  history=  2264  completed= 142937  failed= 19610  cancelled= 16608  rss=   53 MB
  + 14.68 h  threads=  8  history=  2264  completed= 143754  failed= 19722  cancelled= 16703  rss=   53 MB
  + 14.77 h  threads=  8  history=  2264  completed= 144568  failed= 19833  cancelled= 16798  rss=   53 MB
  + 14.85 h  threads=  8  history=  2264  completed= 145383  failed= 19946  cancelled= 16894  rss=   53 MB
  + 14.93 h  threads=  8  history=  2264  completed= 146197  failed= 20058  cancelled= 16989  rss=   53 MB
  + 15.02 h  threads=  8  history=  2264  completed= 147012  failed= 20169  cancelled= 17084  rss=   53 MB
  + 15.10 h  threads=  8  history=  2264  completed= 147825  failed= 20281  cancelled= 17179  rss=   53 MB
  + 15.18 h  threads=  8  history=  2264  completed= 148638  failed= 20393  cancelled= 17273  rss=   53 MB
  + 15.27 h  threads=  8  history=  2264  completed= 149450  failed= 20505  cancelled= 17368  rss=   53 MB
  + 15.35 h  threads=  8  history=  2264  completed= 150268  failed= 20616  cancelled= 17463  rss=   53 MB
  + 15.43 h  threads=  8  history=  2264  completed= 151083  failed= 20728  cancelled= 17556  rss=   53 MB
  + 15.52 h  threads=  8  history=  2264  completed= 151899  failed= 20841  cancelled= 17651  rss=   53 MB
  + 15.60 h  threads=  8  history=  2264  completed= 152714  failed= 20952  cancelled= 17746  rss=   53 MB
  + 15.68 h  threads=  8  history=  2264  completed= 153528  failed= 21064  cancelled= 17841  rss=   53 MB
  + 15.77 h  threads=  8  history=  2264  completed= 154340  failed= 21176  cancelled= 17936  rss=   53 MB
  + 15.85 h  threads=  8  history=  2264  completed= 155155  failed= 21288  cancelled= 18031  rss=   53 MB
  + 15.93 h  threads=  8  history=  2264  completed= 155972  failed= 21399  cancelled= 18125  rss=   53 MB
  + 16.02 h  threads=  8  history=  2264  completed= 156786  failed= 21512  cancelled= 18220  rss=   53 MB
  + 16.10 h  threads=  8  history=  2264  completed= 157601  failed= 21624  cancelled= 18315  rss=   53 MB
  + 16.18 h  threads=  8  history=  2264  completed= 158415  failed= 21735  cancelled= 18411  rss=   53 MB
  + 16.27 h  threads=  8  history=  2264  completed= 159226  failed= 21846  cancelled= 18505  rss=   53 MB
  + 16.35 h  threads=  8  history=  2264  completed= 160040  failed= 21959  cancelled= 18600  rss=   53 MB
  + 16.43 h  threads=  8  history=  2264  completed= 160854  failed= 22071  cancelled= 18695  rss=   53 MB
  + 16.52 h  threads=  8  history=  2264  completed= 161670  failed= 22182  cancelled= 18789  rss=   53 MB
  + 16.60 h  threads=  8  history=  2264  completed= 162485  failed= 22294  cancelled= 18883  rss=   53 MB
  + 16.68 h  threads=  8  history=  2264  completed= 163299  failed= 22407  cancelled= 18978  rss=   53 MB
  + 16.77 h  threads=  8  history=  2264  completed= 164113  failed= 22518  cancelled= 19074  rss=   53 MB
  + 16.85 h  threads=  8  history=  2264  completed= 164928  failed= 22629  cancelled= 19169  rss=   53 MB
  + 16.93 h  threads=  8  history=  2264  completed= 165742  failed= 22742  cancelled= 19264  rss=   53 MB
  + 17.02 h  threads=  8  history=  2264  completed= 166558  failed= 22854  cancelled= 19358  rss=   53 MB
  + 17.10 h  threads=  8  history=  2264  completed= 167375  failed= 22965  cancelled= 19451  rss=   53 MB
  + 17.18 h  threads=  8  history=  2264  completed= 168189  failed= 23078  cancelled= 19546  rss=   53 MB
  + 17.27 h  threads=  8  history=  2264  completed= 169005  failed= 23190  cancelled= 19641  rss=   53 MB
  + 17.35 h  threads=  8  history=  2264  completed= 169823  failed= 23301  cancelled= 19735  rss=   53 MB
  + 17.43 h  threads=  8  history=  2264  completed= 170636  failed= 23412  cancelled= 19830  rss=   53 MB
  + 17.52 h  threads=  8  history=  2264  completed= 171451  failed= 23525  cancelled= 19925  rss=   53 MB
  + 17.60 h  threads=  8  history=  2264  completed= 172265  failed= 23637  cancelled= 20019  rss=   53 MB
  + 17.68 h  threads=  8  history=  2264  completed= 173082  failed= 23748  cancelled= 20114  rss=   53 MB
  + 17.77 h  threads=  8  history=  2264  completed= 173896  failed= 23860  cancelled= 20210  rss=   53 MB
  + 17.85 h  threads=  8  history=  2264  completed= 174712  failed= 23973  cancelled= 20305  rss=   53 MB
  + 17.93 h  threads=  8  history=  2264  completed= 175531  failed= 24084  cancelled= 20397  rss=   53 MB
  + 18.02 h  threads=  8  history=  2264  completed= 176345  failed= 24196  cancelled= 20492  rss=   53 MB
  + 18.10 h  threads=  8  history=  2264  completed= 177159  failed= 24308  cancelled= 20587  rss=   53 MB
  + 18.18 h  threads=  8  history=  2264  completed= 177974  failed= 24420  cancelled= 20683  rss=   53 MB
  + 18.27 h  threads=  8  history=  2264  completed= 178788  failed= 24531  cancelled= 20778  rss=   53 MB
  + 18.35 h  threads=  8  history=  2264  completed= 179603  failed= 24644  cancelled= 20873  rss=   53 MB
  + 18.43 h  threads=  8  history=  2264  completed= 180420  failed= 24756  cancelled= 20968  rss=   53 MB
  + 18.52 h  threads=  8  history=  2264  completed= 181236  failed= 24867  cancelled= 21063  rss=   53 MB
  + 18.60 h  threads=  8  history=  2264  completed= 182047  failed= 24978  cancelled= 21159  rss=   53 MB
  + 18.68 h  threads=  8  history=  2264  completed= 182863  failed= 25091  cancelled= 21253  rss=   53 MB
  + 18.77 h  threads=  8  history=  2264  completed= 183678  failed= 25203  cancelled= 21347  rss=   53 MB
  + 18.85 h  threads=  8  history=  2264  completed= 184493  failed= 25314  cancelled= 21442  rss=   53 MB
  + 18.93 h  threads=  8  history=  2264  completed= 185311  failed= 25427  cancelled= 21537  rss=   53 MB
  + 19.02 h  threads=  8  history=  2264  completed= 186123  failed= 25539  cancelled= 21632  rss=   53 MB
  + 19.10 h  threads=  8  history=  2264  completed= 186939  failed= 25650  cancelled= 21727  rss=   53 MB
  + 19.18 h  threads=  8  history=  2264  completed= 187755  failed= 25762  cancelled= 21821  rss=   53 MB
  + 19.27 h  threads=  8  history=  2264  completed= 188569  failed= 25875  cancelled= 21916  rss=   53 MB
  + 19.35 h  threads=  8  history=  2264  completed= 189386  failed= 25986  cancelled= 22011  rss=   53 MB
  + 19.43 h  threads=  8  history=  2264  completed= 190202  failed= 26097  cancelled= 22105  rss=   53 MB
  + 19.52 h  threads=  8  history=  2264  completed= 191017  failed= 26210  cancelled= 22200  rss=   53 MB
  + 19.60 h  threads=  8  history=  2264  completed= 191832  failed= 26322  cancelled= 22295  rss=   53 MB
  + 19.68 h  threads=  8  history=  2264  completed= 192648  failed= 26433  cancelled= 22389  rss=   53 MB
  + 19.77 h  threads=  8  history=  2264  completed= 193458  failed= 26545  cancelled= 22484  rss=   53 MB
  + 19.85 h  threads=  8  history=  2264  completed= 194275  failed= 26657  cancelled= 22578  rss=   53 MB
  + 19.93 h  threads=  8  history=  2264  completed= 195091  failed= 26769  cancelled= 22673  rss=   53 MB
  + 20.02 h  threads=  8  history=  2264  completed= 195903  failed= 26880  cancelled= 22768  rss=   53 MB
  + 20.10 h  threads=  8  history=  2264  completed= 196720  failed= 26993  cancelled= 22863  rss=   53 MB
  + 20.18 h  threads=  8  history=  2264  completed= 197536  failed= 27105  cancelled= 22957  rss=   53 MB
  + 20.27 h  threads=  8  history=  2264  completed= 198353  failed= 27216  cancelled= 23052  rss=   53 MB
  + 20.35 h  threads=  8  history=  2264  completed= 199170  failed= 27328  cancelled= 23145  rss=   53 MB
  + 20.43 h  threads=  8  history=  2264  completed= 199984  failed= 27441  cancelled= 23240  rss=   53 MB
  + 20.52 h  threads=  8  history=  2264  completed= 200801  failed= 27552  cancelled= 23335  rss=   53 MB
  + 20.60 h  threads=  8  history=  2264  completed= 201615  failed= 27664  cancelled= 23429  rss=   53 MB
  + 20.68 h  threads=  8  history=  2264  completed= 202430  failed= 27777  cancelled= 23524  rss=   53 MB
  + 20.77 h  threads=  8  history=  2264  completed= 203248  failed= 27888  cancelled= 23618  rss=   53 MB
  + 20.85 h  threads=  8  history=  2264  completed= 204064  failed= 27999  cancelled= 23713  rss=   53 MB
  + 20.93 h  threads=  8  history=  2264  completed= 204873  failed= 28112  cancelled= 23807  rss=   53 MB
  + 21.02 h  threads=  8  history=  2264  completed= 205687  failed= 28224  cancelled= 23903  rss=   53 MB
  + 21.10 h  threads=  8  history=  2264  completed= 206504  failed= 28335  cancelled= 23998  rss=   53 MB
  + 21.18 h  threads=  8  history=  2264  completed= 207320  failed= 28447  cancelled= 24093  rss=   53 MB
  + 21.27 h  threads=  8  history=  2264  completed= 208134  failed= 28559  cancelled= 24188  rss=   53 MB
  + 21.35 h  threads=  8  history=  2264  completed= 208949  failed= 28671  cancelled= 24283  rss=   53 MB
  + 21.43 h  threads=  8  history=  2264  completed= 209764  failed= 28782  cancelled= 24377  rss=   53 MB
  + 21.52 h  threads=  8  history=  2264  completed= 210578  failed= 28895  cancelled= 24473  rss=   53 MB
  + 21.60 h  threads=  8  history=  2264  completed= 211392  failed= 29007  cancelled= 24568  rss=   53 MB
  + 21.68 h  threads=  8  history=  2264  completed= 212208  failed= 29118  cancelled= 24663  rss=   53 MB
  + 21.77 h  threads=  8  history=  2264  completed= 213027  failed= 29231  cancelled= 24757  rss=   53 MB
  + 21.85 h  threads=  8  history=  2264  completed= 213841  failed= 29343  cancelled= 24851  rss=   53 MB
  + 21.93 h  threads=  8  history=  2264  completed= 214655  failed= 29454  cancelled= 24945  rss=   53 MB
  + 22.02 h  threads=  8  history=  2264  completed= 215468  failed= 29565  cancelled= 25040  rss=   53 MB
  + 22.10 h  threads=  8  history=  2264  completed= 216283  failed= 29678  cancelled= 25135  rss=   53 MB
  + 22.18 h  threads=  8  history=  2264  completed= 217097  failed= 29790  cancelled= 25229  rss=   53 MB
  + 22.27 h  threads=  8  history=  2264  completed= 217914  failed= 29901  cancelled= 25324  rss=   53 MB
  + 22.35 h  threads=  8  history=  2264  completed= 218727  failed= 30013  cancelled= 25419  rss=   53 MB
  + 22.43 h  threads=  8  history=  2264  completed= 219544  failed= 30125  cancelled= 25514  rss=   53 MB
  + 22.52 h  threads=  8  history=  2264  completed= 220361  failed= 30237  cancelled= 25609  rss=   53 MB
  + 22.60 h  threads=  8  history=  2264  completed= 221177  failed= 30348  cancelled= 25704  rss=   53 MB
  + 22.68 h  threads=  8  history=  2264  completed= 221993  failed= 30461  cancelled= 25799  rss=   53 MB
  + 22.77 h  threads=  8  history=  2264  completed= 222811  failed= 30573  cancelled= 25892  rss=   53 MB
  + 22.85 h  threads=  8  history=  2264  completed= 223624  failed= 30684  cancelled= 25988  rss=   53 MB
  + 22.93 h  threads=  8  history=  2264  completed= 224439  failed= 30797  cancelled= 26083  rss=   53 MB
  + 23.02 h  threads=  8  history=  2264  completed= 225255  failed= 30909  cancelled= 26178  rss=   53 MB
  + 23.10 h  threads=  8  history=  2264  completed= 226071  failed= 31020  cancelled= 26271  rss=   53 MB
  + 23.18 h  threads=  8  history=  2264  completed= 226889  failed= 31132  cancelled= 26366  rss=   53 MB
  + 23.27 h  threads=  8  history=  2264  completed= 227700  failed= 31244  cancelled= 26461  rss=   53 MB
  + 23.35 h  threads=  8  history=  2264  completed= 228516  failed= 31356  cancelled= 26556  rss=   53 MB
  + 23.43 h  threads=  8  history=  2264  completed= 229332  failed= 31467  cancelled= 26651  rss=   53 MB
  + 23.52 h  threads=  8  history=  2264  completed= 230150  failed= 31580  cancelled= 26745  rss=   53 MB
  + 23.60 h  threads=  8  history=  2264  completed= 230965  failed= 31692  cancelled= 26839  rss=   53 MB
  + 23.68 h  threads=  8  history=  2264  completed= 231779  failed= 31803  cancelled= 26934  rss=   53 MB
  + 23.77 h  threads=  8  history=  2264  completed= 232592  failed= 31915  cancelled= 27029  rss=   53 MB
  + 23.85 h  threads=  8  history=  2264  completed= 233408  failed= 32027  cancelled= 27124  rss=   53 MB
  + 23.93 h  threads=  8  history=  2264  completed= 234222  failed= 32139  cancelled= 27218  rss=   53 MB

  summary
    ran for            24.00 h
    jobs finished      294400 (3.4/s)
      completed        234876
      failed           32229
      cancelled        27295
      retries queued   21486
    threads            8 baseline, 8 peak, bound 17
    job history        2264 peak, bound 5006
    peak RSS           53 MB
    expected ERRORs    32229 (the failing task)
    unexpected ERRORs  0

  RESULT: PASS
[exit code: 0]
